---
source: syn-state-machine/src/common_tokens/types.rs
expression: "crate::parse::<RawPointerType>(::quote::quote! { * hello })"
---
Ok(
    (
        RawPointerType {
            is_mut: false,
            inner: TypePath(
                TypePath {
                    leading: false,
                    segments: [
                        Simple {
                            id: Id(
                                Ident(
                                    hello,
                                ),
                            ),
                        },
                    ],
                },
            ),
        },
        0,
    ),
)
