---
source: syn-state-machine/src/common_tokens/bounds.rs
expression: "crate::parse::<TypeParamBound>(::quote::quote! { 'a })"
---
Ok(
    (
        Lifetime(
            Lifetime(
                Ident(
                    a,
                ),
            ),
        ),
        0,
    ),
)
