---
source: syn-state-machine/src/common_tokens/types.rs
expression: "crate::parse::<ParenthesizedType>(::quote::quote! { u16 })"
---
Err(
    InvalidToken(
        Ident {
            sym: u16,
        },
    ),
)
