---
source: syn-state-machine/src/common_tokens/path.rs
expression: "crate::parse::<GenericArgs>(::quote::quote! { < T > })"
---
Ok(
    (
        GenericArgs(
            [
                Type(
                    NoBounds(
                        TypePath(
                            TypePath {
                                leading: false,
                                segments: [
                                    Simple {
                                        id: Id(
                                            Ident(
                                                T,
                                            ),
                                        ),
                                    },
                                ],
                            },
                        ),
                    ),
                ),
            ],
        ),
        0,
    ),
)
