---
source: syn-state-machine/src/common_tokens/genetic_params.rs
expression: "crate::parse::<ConstParam>(::quote::quote! { const HELLO : i8 })"
---
Ok(
    (
        ConstParam {
            id: Ident(
                HELLO,
            ),
            ty: NoBounds(
                TypePath(
                    TypePath {
                        leading: false,
                        segments: [
                            Simple {
                                id: Id(
                                    Ident(
                                        i8,
                                    ),
                                ),
                            },
                        ],
                    },
                ),
            ),
            content: None,
        },
        0,
    ),
)
