---
source: syn-state-machine/src/common_tokens/path.rs
expression: "crate::parse::<TypePath>(::quote::quote! { hello })"
---
Ok(
    (
        TypePath {
            leading: false,
            segments: [
                Simple {
                    id: Id(
                        Ident(
                            hello,
                        ),
                    ),
                },
            ],
        },
        0,
    ),
)
