---
source: syn-state-machine/src/common_tokens/path.rs
expression: "crate::parse::<GenericArgs>(::quote::quote! { < > })"
---
Ok(
    (
        GenericArgs(
            [],
        ),
        0,
    ),
)
