---
source: syn-state-machine/src/common_tokens/type_alias.rs
expression: "crate::parse::<TypeAlias>(::quote::quote! { type Point = (u8, u8) ; })"
---
Ok(
    (
        TypeAlias {
            id: Ident(
                Point,
            ),
            params: None,
            bounds: None,
            pre_where_clause: None,
            ty: Some(
                NoBounds(
                    Tuple(
                        TupleType(
                            [
                                NoBounds(
                                    TypePath(
                                        TypePath {
                                            leading: false,
                                            segments: [
                                                Simple {
                                                    id: Id(
                                                        Ident(
                                                            u8,
                                                        ),
                                                    ),
                                                },
                                            ],
                                        },
                                    ),
                                ),
                                NoBounds(
                                    TypePath(
                                        TypePath {
                                            leading: false,
                                            segments: [
                                                Simple {
                                                    id: Id(
                                                        Ident(
                                                            u8,
                                                        ),
                                                    ),
                                                },
                                            ],
                                        },
                                    ),
                                ),
                            ],
                        ),
                    ),
                ),
            ),
            post_where_clause: None,
        },
        0,
    ),
)
