---
source: syn-state-machine/src/common_tokens/path.rs
expression: "crate::parse::<GenericArgs<Infallible>>(::quote::quote! {\n            < 'a, T, hello :: world >\n        })"
---
Ok(
    (
        GenericArgs(
            [
                Lifetime(
                    Lifetime(
                        Ident(
                            a,
                        ),
                    ),
                ),
                Type(
                    NoBounds(
                        TypePath(
                            TypePath {
                                leading: false,
                                segments: [
                                    Simple {
                                        id: Id(
                                            Ident(
                                                T,
                                            ),
                                        ),
                                    },
                                ],
                            },
                        ),
                    ),
                ),
                Type(
                    NoBounds(
                        TypePath(
                            TypePath {
                                leading: false,
                                segments: [
                                    Simple {
                                        id: Id(
                                            Ident(
                                                hello,
                                            ),
                                        ),
                                    },
                                    Simple {
                                        id: Id(
                                            Ident(
                                                world,
                                            ),
                                        ),
                                    },
                                ],
                            },
                        ),
                    ),
                ),
            ],
        ),
        0,
    ),
)
