---
source: syn-state-machine/src/common_tokens/types.rs
expression: "crate::parse::<Type>(::quote::quote! {\n            Box < Box < Box < Box < Box < i8 >> >> >\n        })"
---
Ok(
    (
        NoBounds(
            TypePath(
                TypePath {
                    leading: false,
                    segments: [
                        Generic {
                            id: Id(
                                Ident(
                                    Box,
                                ),
                            ),
                            generic_args: GenericArgs(
                                [
                                    Type(
                                        NoBounds(
                                            TypePath(
                                                TypePath {
                                                    leading: false,
                                                    segments: [
                                                        Generic {
                                                            id: Id(
                                                                Ident(
                                                                    Box,
                                                                ),
                                                            ),
                                                            generic_args: GenericArgs(
                                                                [
                                                                    Type(
                                                                        NoBounds(
                                                                            TypePath(
                                                                                TypePath {
                                                                                    leading: false,
                                                                                    segments: [
                                                                                        Generic {
                                                                                            id: Id(
                                                                                                Ident(
                                                                                                    Box,
                                                                                                ),
                                                                                            ),
                                                                                            generic_args: GenericArgs(
                                                                                                [
                                                                                                    Type(
                                                                                                        NoBounds(
                                                                                                            TypePath(
                                                                                                                TypePath {
                                                                                                                    leading: false,
                                                                                                                    segments: [
                                                                                                                        Generic {
                                                                                                                            id: Id(
                                                                                                                                Ident(
                                                                                                                                    Box,
                                                                                                                                ),
                                                                                                                            ),
                                                                                                                            generic_args: GenericArgs(
                                                                                                                                [
                                                                                                                                    Type(
                                                                                                                                        NoBounds(
                                                                                                                                            TypePath(
                                                                                                                                                TypePath {
                                                                                                                                                    leading: false,
                                                                                                                                                    segments: [
                                                                                                                                                        Generic {
                                                                                                                                                            id: Id(
                                                                                                                                                                Ident(
                                                                                                                                                                    Box,
                                                                                                                                                                ),
                                                                                                                                                            ),
                                                                                                                                                            generic_args: GenericArgs(
                                                                                                                                                                [
                                                                                                                                                                    Type(
                                                                                                                                                                        NoBounds(
                                                                                                                                                                            TypePath(
                                                                                                                                                                                TypePath {
                                                                                                                                                                                    leading: false,
                                                                                                                                                                                    segments: [
                                                                                                                                                                                        Simple {
                                                                                                                                                                                            id: Id(
                                                                                                                                                                                                Ident(
                                                                                                                                                                                                    i8,
                                                                                                                                                                                                ),
                                                                                                                                                                                            ),
                                                                                                                                                                                        },
                                                                                                                                                                                    ],
                                                                                                                                                                                },
                                                                                                                                                                            ),
                                                                                                                                                                        ),
                                                                                                                                                                    ),
                                                                                                                                                                ],
                                                                                                                                                            ),
                                                                                                                                                        },
                                                                                                                                                    ],
                                                                                                                                                },
                                                                                                                                            ),
                                                                                                                                        ),
                                                                                                                                    ),
                                                                                                                                ],
                                                                                                                            ),
                                                                                                                        },
                                                                                                                    ],
                                                                                                                },
                                                                                                            ),
                                                                                                        ),
                                                                                                    ),
                                                                                                ],
                                                                                            ),
                                                                                        },
                                                                                    ],
                                                                                },
                                                                            ),
                                                                        ),
                                                                    ),
                                                                ],
                                                            ),
                                                        },
                                                    ],
                                                },
                                            ),
                                        ),
                                    ),
                                ],
                            ),
                        },
                    ],
                },
            ),
        ),
        0,
    ),
)
