---
source: syn-state-machine/src/common_tokens/functions.rs
expression: "crate::parse::<SelfParam<TypePath<Infallible>>>(::quote::quote! {\n            mut self : Box < Self >\n        })"
---
Ok(
    (
        Typed(
            TypedSelf {
                is_mut: true,
                ty: TypePath {
                    leading: false,
                    segments: [
                        Generic {
                            id: Id(
                                Ident(
                                    Box,
                                ),
                            ),
                            generic_args: GenericArgs(
                                [
                                    Type(
                                        NoBounds(
                                            TypePath(
                                                TypePath {
                                                    leading: false,
                                                    segments: [
                                                        Simple {
                                                            id: Id(
                                                                Ident(
                                                                    Self,
                                                                ),
                                                            ),
                                                        },
                                                    ],
                                                },
                                            ),
                                        ),
                                    ),
                                ],
                            ),
                        },
                    ],
                },
            },
        ),
        0,
    ),
)
