---
source: syn-state-machine/src/common_tokens/types.rs
expression: "crate::parse::<TupleType>(::quote::quote! { (Hello,) })"
---
Ok(
    (
        TupleType(
            [
                NoBounds(
                    TypePath(
                        TypePath {
                            leading: false,
                            segments: [
                                Simple {
                                    id: Id(
                                        Ident(
                                            Hello,
                                        ),
                                    ),
                                },
                            ],
                        },
                    ),
                ),
            ],
        ),
        0,
    ),
)
