---
source: syn-state-machine/src/common_tokens/types.rs
expression: "crate::parse::<TupleType>(::quote::quote! { () })"
---
Ok(
    (
        TupleType(
            [],
        ),
        0,
    ),
)
