---
source: syn-state-machine/src/common_tokens/enumerations.rs
expression: "crate::parse::<EnumItem>(::quote::quote! { Block(World) })"
---
Ok(
    (
        Tuple {
            id: Ident(
                Block,
            ),
            attrs: [],
            tuple: InterlaceTrail(
                [
                    TupleField {
                        attr: [],
                        vis: None,
                        ty: NoBounds(
                            TypePath(
                                TypePath {
                                    leading: false,
                                    segments: [
                                        Simple {
                                            id: Id(
                                                Ident(
                                                    World,
                                                ),
                                            ),
                                        },
                                    ],
                                },
                            ),
                        ),
                    },
                ],
                [],
            ),
            vis: None,
            desc: None,
        },
        0,
    ),
)
