---
source: syn-state-machine/src/common_tokens/implementatins.rs
expression: "crate::parse::<Implementation<Infallible,\n        Type<Infallible>>>(::quote::quote! {\n            unsafe impl < T : Copy > Copy for Option < T > {}\n        })"
---
Ok(
    (
        Trait(
            TraitImpl {
                unsafe: true,
                genetic_params: Some(
                    GenericParams(
                        [
                            TypeParam(
                                [],
                                TypeParam {
                                    id: Ident(
                                        T,
                                    ),
                                    bounds: Some(
                                        TypeParamBounds(
                                            [
                                                TraitBound(
                                                    TraitBound {
                                                        q: false,
                                                        for: None,
                                                        ty: TypePath {
                                                            leading: false,
                                                            segments: [
                                                                Simple {
                                                                    id: Id(
                                                                        Ident(
                                                                            Copy,
                                                                        ),
                                                                    ),
                                                                },
                                                            ],
                                                        },
                                                    },
                                                ),
                                            ],
                                        ),
                                    ),
                                    ty: None,
                                },
                            ),
                        ],
                    ),
                ),
                neg: false,
                trait: TypePath {
                    leading: false,
                    segments: [
                        Simple {
                            id: Id(
                                Ident(
                                    Copy,
                                ),
                            ),
                        },
                    ],
                },
                ty: NoBounds(
                    TypePath(
                        TypePath {
                            leading: false,
                            segments: [
                                Generic {
                                    id: Id(
                                        Ident(
                                            Option,
                                        ),
                                    ),
                                    generic_args: GenericArgs(
                                        [
                                            Type(
                                                NoBounds(
                                                    TypePath(
                                                        TypePath {
                                                            leading: false,
                                                            segments: [
                                                                Simple {
                                                                    id: Id(
                                                                        Ident(
                                                                            T,
                                                                        ),
                                                                    ),
                                                                },
                                                            ],
                                                        },
                                                    ),
                                                ),
                                            ),
                                        ],
                                    ),
                                },
                            ],
                        },
                    ),
                ),
                attrs: [],
                items: [],
            },
        ),
        0,
    ),
)
