---
source: syn-state-machine/src/common_tokens/impl_dyn_trait.rs
expression: "crate::parse::<ImplTraitTypeOneBound>(::quote::quote! { impl Hello })"
---
Ok(
    (
        ImplTraitTypeOneBound(
            TraitBound {
                q: false,
                for: None,
                ty: TypePath {
                    leading: false,
                    segments: [
                        Simple {
                            id: Id(
                                Ident(
                                    Hello,
                                ),
                            ),
                        },
                    ],
                },
            },
        ),
        0,
    ),
)
